[
  {
    "dataset": "trec-covid",
    "query_id": "1",
    "completed": false,
    "accesses": 11225,
    "dense": 6225,
    "sparse": 5000,
    "k": 16,
    "independent_checks": 16,
    "source": "Only Dense extended; original Sparse prefix retained without reinterpretation."
  },
  {
    "dataset": "trec-covid",
    "query_id": "12",
    "completed": false,
    "accesses": 9841,
    "dense": 4841,
    "sparse": 5000,
    "k": 15,
    "independent_checks": 14,
    "source": "Only Dense extended; original Sparse prefix retained without reinterpretation."
  },
  {
    "dataset": "trec-covid",
    "query_id": "15",
    "completed": false,
    "accesses": 9118,
    "dense": 4118,
    "sparse": 5000,
    "k": 5,
    "independent_checks": 4,
    "source": "Only Dense extended; original Sparse prefix retained without reinterpretation."
  },
  {
    "dataset": "trec-covid",
    "query_id": "16",
    "completed": true,
    "accesses": 85178,
    "dense": 83051,
    "sparse": 2127,
    "k": 21,
    "independent_checks": 15,
    "source": "Only Dense extended; original Sparse prefix retained without reinterpretation."
  },
  {
    "dataset": "trec-covid",
    "query_id": "18",
    "completed": true,
    "accesses": 7987,
    "dense": 5011,
    "sparse": 2976,
    "k": 34,
    "independent_checks": 20,
    "source": "Only Dense extended; original Sparse prefix retained without reinterpretation."
  },
  {
    "dataset": "trec-covid",
    "query_id": "2",
    "completed": false,
    "accesses": 9020,
    "dense": 4020,
    "sparse": 5000,
    "k": 17,
    "independent_checks": 17,
    "source": "Only Dense extended; original Sparse prefix retained without reinterpretation."
  },
  {
    "dataset": "trec-covid",
    "query_id": "26",
    "completed": false,
    "accesses": 7064,
    "dense": 2064,
    "sparse": 5000,
    "k": 8,
    "independent_checks": 8,
    "source": "Only Dense extended; original Sparse prefix retained without reinterpretation."
  },
  {
    "dataset": "trec-covid",
    "query_id": "27",
    "completed": false,
    "accesses": 6301,
    "dense": 1301,
    "sparse": 5000,
    "k": 10,
    "independent_checks": 10,
    "source": "Only Dense extended; original Sparse prefix retained without reinterpretation."
  },
  {
    "dataset": "trec-covid",
    "query_id": "3",
    "completed": false,
    "accesses": 7105,
    "dense": 2105,
    "sparse": 5000,
    "k": 15,
    "independent_checks": 13,
    "source": "Only Dense extended; original Sparse prefix retained without reinterpretation."
  },
  {
    "dataset": "trec-covid",
    "query_id": "31",
    "completed": false,
    "accesses": 6333,
    "dense": 1333,
    "sparse": 5000,
    "k": 15,
    "independent_checks": 15,
    "source": "Only Dense extended; original Sparse prefix retained without reinterpretation."
  },
  {
    "dataset": "trec-covid",
    "query_id": "32",
    "completed": false,
    "accesses": 14881,
    "dense": 9881,
    "sparse": 5000,
    "k": 12,
    "independent_checks": 9,
    "source": "Only Dense extended; original Sparse prefix retained without reinterpretation."
  },
  {
    "dataset": "trec-covid",
    "query_id": "34",
    "completed": false,
    "accesses": 10001,
    "dense": 5001,
    "sparse": 5000,
    "k": 13,
    "independent_checks": 13,
    "source": "Only Dense extended; original Sparse prefix retained without reinterpretation."
  },
  {
    "dataset": "trec-covid",
    "query_id": "47",
    "completed": false,
    "accesses": 10000,
    "dense": 5000,
    "sparse": 5000,
    "k": 15,
    "independent_checks": 15,
    "source": "Only Dense extended; original Sparse prefix retained without reinterpretation."
  },
  {
    "dataset": "trec-covid",
    "query_id": "49",
    "completed": false,
    "accesses": 6301,
    "dense": 1301,
    "sparse": 5000,
    "k": 17,
    "independent_checks": 17,
    "source": "Only Dense extended; original Sparse prefix retained without reinterpretation."
  },
  {
    "dataset": "trec-covid",
    "query_id": "50",
    "completed": true,
    "accesses": 15095,
    "dense": 14520,
    "sparse": 575,
    "k": 20,
    "independent_checks": 20,
    "source": "Only Dense extended; original Sparse prefix retained without reinterpretation."
  },
  {
    "dataset": "trec-covid",
    "query_id": "6",
    "completed": true,
    "accesses": 9316,
    "dense": 8373,
    "sparse": 943,
    "k": 20,
    "independent_checks": 19,
    "source": "Only Dense extended; original Sparse prefix retained without reinterpretation."
  },
  {
    "dataset": "trec-covid",
    "query_id": "8",
    "completed": false,
    "accesses": 6366,
    "dense": 1366,
    "sparse": 5000,
    "k": 17,
    "independent_checks": 17,
    "source": "Only Dense extended; original Sparse prefix retained without reinterpretation."
  }
]
