dense documents-000000.parquet 25000 0.07
dense documents-000001.parquet 50000 0.13
dense documents-000002.parquet 75000 0.19
dense documents-000003.parquet 100000 0.25
dense documents-000004.parquet 125000 0.31
dense documents-000005.parquet 150000 0.37
dense documents-000006.parquet 175000 0.42
dense documents-000007.parquet 200000 0.47
dense documents-000008.parquet 225000 0.53
dense documents-000009.parquet 250000 0.58
dense documents-000010.parquet 275000 0.64
dense documents-000011.parquet 300000 0.69
dense documents-000012.parquet 325000 0.75
dense documents-000013.parquet 350000 0.8
dense documents-000014.parquet 375000 0.86
dense documents-000015.parquet 400000 0.91
dense documents-000016.parquet 425000 0.97
dense documents-000017.parquet 450000 1.02
dense documents-000018.parquet 475000 1.08
dense documents-000019.parquet 500000 1.14
dense documents-000020.parquet 525000 1.19
dense documents-000021.parquet 550000 1.24
dense documents-000022.parquet 575000 1.3
dense documents-000023.parquet 600000 1.35
dense documents-000024.parquet 625000 1.41
dense documents-000025.parquet 650000 1.46
dense documents-000026.parquet 675000 1.52
dense documents-000027.parquet 700000 1.58
dense documents-000028.parquet 725000 1.64
dense documents-000029.parquet 750000 1.7
dense documents-000030.parquet 775000 1.76
dense documents-000031.parquet 800000 1.82
dense documents-000032.parquet 825000 1.87
dense documents-000033.parquet 850000 1.93
dense documents-000034.parquet 875000 1.98
dense documents-000035.parquet 900000 2.04
dense documents-000036.parquet 925000 2.09
dense documents-000037.parquet 950000 2.15
dense documents-000038.parquet 975000 2.2
dense documents-000039.parquet 1000000 2.26
dense documents-000040.parquet 1025000 2.31
dense documents-000041.parquet 1050000 2.37
dense documents-000042.parquet 1075000 2.42
dense documents-000043.parquet 1100000 2.48
dense documents-000044.parquet 1125000 2.54
dense documents-000045.parquet 1150000 2.59
dense documents-000046.parquet 1175000 2.65
dense documents-000047.parquet 1200000 2.7
dense documents-000048.parquet 1225000 2.76
dense documents-000049.parquet 1250000 2.81
dense documents-000050.parquet 1275000 2.87
dense documents-000051.parquet 1300000 2.93
dense documents-000052.parquet 1325000 2.99
dense documents-000053.parquet 1350000 3.04
dense documents-000054.parquet 1375000 3.1
dense documents-000055.parquet 1400000 3.15
dense documents-000056.parquet 1425000 3.21
dense documents-000057.parquet 1450000 3.27
dense documents-000058.parquet 1475000 3.32
dense documents-000059.parquet 1500000 3.37
dense documents-000060.parquet 1525000 3.43
dense documents-000061.parquet 1550000 3.49
dense documents-000062.parquet 1575000 3.54
dense documents-000063.parquet 1600000 3.59
dense documents-000064.parquet 1625000 3.65
dense documents-000065.parquet 1650000 3.71
dense documents-000066.parquet 1675000 3.76
dense documents-000067.parquet 1700000 3.81
dense documents-000068.parquet 1725000 3.87
dense documents-000069.parquet 1750000 3.94
dense documents-000070.parquet 1775000 4.0
dense documents-000071.parquet 1800000 4.05
dense documents-000072.parquet 1825000 4.11
dense documents-000073.parquet 1850000 4.16
dense documents-000074.parquet 1875000 4.21
dense documents-000075.parquet 1900000 4.27
dense documents-000076.parquet 1925000 4.33
dense documents-000077.parquet 1950000 4.38
dense documents-000078.parquet 1975000 4.43
dense documents-000079.parquet 2000000 4.49
dense documents-000080.parquet 2025000 4.54
dense documents-000081.parquet 2050000 4.6
dense documents-000082.parquet 2075000 4.65
dense documents-000083.parquet 2100000 4.71
dense documents-000084.parquet 2125000 4.76
dense documents-000085.parquet 2150000 4.81
dense documents-000086.parquet 2175000 4.87
dense documents-000087.parquet 2200000 4.94
dense documents-000088.parquet 2225000 5.0
dense documents-000089.parquet 2250000 5.05
dense documents-000090.parquet 2275000 5.11
dense documents-000091.parquet 2300000 5.16
dense documents-000092.parquet 2325000 5.22
dense documents-000093.parquet 2350000 5.27
dense documents-000094.parquet 2375000 5.33
dense documents-000095.parquet 2400000 5.38
dense documents-000096.parquet 2425000 5.44
dense documents-000097.parquet 2450000 5.49
dense documents-000098.parquet 2475000 5.54
dense documents-000099.parquet 2500000 5.6
dense documents-000100.parquet 2525000 5.65
dense documents-000101.parquet 2550000 5.71
dense documents-000102.parquet 2575000 5.76
dense documents-000103.parquet 2600000 5.82
dense documents-000104.parquet 2625000 5.87
dense documents-000105.parquet 2650000 5.93
dense documents-000106.parquet 2675000 5.99
dense documents-000107.parquet 2700000 6.05
dense documents-000108.parquet 2725000 6.1
dense documents-000109.parquet 2750000 6.16
dense documents-000110.parquet 2775000 6.21
dense documents-000111.parquet 2800000 6.27
dense documents-000112.parquet 2825000 6.32
dense documents-000113.parquet 2850000 6.38
dense documents-000114.parquet 2875000 6.43
dense documents-000115.parquet 2900000 6.49
dense documents-000116.parquet 2925000 6.54
dense documents-000117.parquet 2950000 6.6
dense documents-000118.parquet 2975000 6.65
dense documents-000119.parquet 3000000 6.71
dense documents-000120.parquet 3025000 6.76
dense documents-000121.parquet 3050000 6.82
dense documents-000122.parquet 3075000 6.87
dense documents-000123.parquet 3100000 6.92
dense documents-000124.parquet 3125000 6.99
dense documents-000125.parquet 3150000 7.05
dense documents-000126.parquet 3175000 7.1
dense documents-000127.parquet 3200000 7.16
dense documents-000128.parquet 3225000 7.21
dense documents-000129.parquet 3250000 7.26
dense documents-000130.parquet 3275000 7.32
dense documents-000131.parquet 3300000 7.37
dense documents-000132.parquet 3325000 7.43
dense documents-000133.parquet 3350000 7.48
dense documents-000134.parquet 3375000 7.54
dense documents-000135.parquet 3400000 7.59
dense documents-000136.parquet 3425000 7.65
dense documents-000137.parquet 3450000 7.7
dense documents-000138.parquet 3475000 7.75
dense documents-000139.parquet 3500000 7.81
dense documents-000140.parquet 3525000 7.86
dense documents-000141.parquet 3550000 7.92
dense documents-000142.parquet 3575000 7.97
dense documents-000143.parquet 3600000 8.04
dense documents-000144.parquet 3625000 8.1
dense documents-000145.parquet 3650000 8.16
dense documents-000146.parquet 3675000 8.21
dense documents-000147.parquet 3700000 8.26
dense documents-000148.parquet 3725000 8.32
dense documents-000149.parquet 3750000 8.37
dense documents-000150.parquet 3775000 8.43
dense documents-000151.parquet 3800000 8.48
dense documents-000152.parquet 3825000 8.54
dense documents-000153.parquet 3850000 8.6
dense documents-000154.parquet 3875000 8.65
dense documents-000155.parquet 3900000 8.7
dense documents-000156.parquet 3925000 8.76
dense documents-000157.parquet 3950000 8.81
dense documents-000158.parquet 3975000 8.87
dense documents-000159.parquet 4000000 8.92
dense documents-000160.parquet 4025000 8.98
dense documents-000161.parquet 4050000 9.04
dense documents-000162.parquet 4075000 9.1
dense documents-000163.parquet 4100000 9.15
dense documents-000164.parquet 4125000 9.21
dense documents-000165.parquet 4150000 9.26
dense documents-000166.parquet 4175000 9.32
dense documents-000167.parquet 4200000 9.37
dense documents-000168.parquet 4225000 9.42
dense documents-000169.parquet 4250000 9.48
dense documents-000170.parquet 4275000 9.53
dense documents-000171.parquet 4300000 9.59
dense documents-000172.parquet 4325000 9.64
dense documents-000173.parquet 4350000 9.7
dense documents-000174.parquet 4375000 9.75
dense documents-000175.parquet 4400000 9.81
dense documents-000176.parquet 4425000 9.86
dense documents-000177.parquet 4450000 9.91
dense documents-000178.parquet 4475000 9.97
dense documents-000179.parquet 4500000 10.03
dense documents-000180.parquet 4525000 10.09
dense documents-000181.parquet 4550000 10.15
dense documents-000182.parquet 4575000 10.2
dense documents-000183.parquet 4600000 10.26
dense documents-000184.parquet 4625000 10.31
dense documents-000185.parquet 4650000 10.37
dense documents-000186.parquet 4675000 10.42
dense documents-000187.parquet 4700000 10.48
dense documents-000188.parquet 4725000 10.53
dense documents-000189.parquet 4750000 10.59
dense documents-000190.parquet 4775000 10.64
dense documents-000191.parquet 4800000 10.7
dense documents-000192.parquet 4825000 10.75
dense documents-000193.parquet 4850000 10.8
dense documents-000194.parquet 4875000 10.86
dense documents-000195.parquet 4900000 10.92
dense documents-000196.parquet 4925000 10.97
dense documents-000197.parquet 4950000 11.02
dense documents-000198.parquet 4975000 11.08
dense documents-000199.parquet 5000000 11.15
dense documents-000200.parquet 5025000 11.2
dense documents-000201.parquet 5050000 11.26
dense documents-000202.parquet 5075000 11.31
dense documents-000203.parquet 5100000 11.37
dense documents-000204.parquet 5125000 11.42
dense documents-000205.parquet 5150000 11.48
dense documents-000206.parquet 5175000 11.53
dense documents-000207.parquet 5200000 11.59
dense documents-000208.parquet 5225000 11.64
dense documents-000209.parquet 5250000 11.7
dense documents-000210.parquet 5275000 11.75
dense documents-000211.parquet 5300000 11.8
dense documents-000212.parquet 5325000 11.86
dense documents-000213.parquet 5350000 11.91
dense documents-000214.parquet 5375000 11.97
dense documents-000215.parquet 5400000 12.02
dense documents-000216.parquet 5425000 12.08
dense documents-000217.parquet 5450000 12.14
dense documents-000218.parquet 5475000 12.2
dense documents-000219.parquet 5500000 12.26
dense documents-000220.parquet 5525000 12.31
dense documents-000221.parquet 5550000 12.37
dense documents-000222.parquet 5575000 12.42
dense documents-000223.parquet 5600000 12.48
dense documents-000224.parquet 5625000 12.53
dense documents-000225.parquet 5650000 12.59
dense documents-000226.parquet 5675000 12.64
dense documents-000227.parquet 5700000 12.7
dense documents-000228.parquet 5725000 12.75
dense documents-000229.parquet 5750000 12.81
dense documents-000230.parquet 5775000 12.86
dense documents-000231.parquet 5800000 12.92
dense documents-000232.parquet 5825000 12.97
dense documents-000233.parquet 5850000 13.03
dense documents-000234.parquet 5875000 13.08
dense documents-000235.parquet 5900000 13.14
dense documents-000236.parquet 5925000 13.2
dense documents-000237.parquet 5950000 13.26
dense documents-000238.parquet 5975000 13.32
dense documents-000239.parquet 6000000 13.37
dense documents-000240.parquet 6025000 13.42
dense documents-000241.parquet 6050000 13.48
dense documents-000242.parquet 6075000 13.53
dense documents-000243.parquet 6100000 13.59
dense documents-000244.parquet 6125000 13.64
dense documents-000245.parquet 6150000 13.7
dense documents-000246.parquet 6175000 13.75
dense documents-000247.parquet 6200000 13.81
dense documents-000248.parquet 6225000 13.86
dense documents-000249.parquet 6250000 13.92
dense documents-000250.parquet 6275000 13.97
dense documents-000251.parquet 6300000 14.03
dense documents-000252.parquet 6325000 14.08
dense documents-000253.parquet 6350000 14.14
dense documents-000254.parquet 6375000 14.2
dense documents-000255.parquet 6400000 14.26
dense documents-000256.parquet 6425000 14.32
dense documents-000257.parquet 6450000 14.37
dense documents-000258.parquet 6475000 14.43
dense documents-000259.parquet 6500000 14.48
dense documents-000260.parquet 6525000 14.54
dense documents-000261.parquet 6550000 14.59
dense documents-000262.parquet 6575000 14.65
dense documents-000263.parquet 6600000 14.7
dense documents-000264.parquet 6625000 14.76
dense documents-000265.parquet 6650000 14.81
dense documents-000266.parquet 6675000 14.86
dense documents-000267.parquet 6700000 14.92
dense documents-000268.parquet 6725000 14.97
dense documents-000269.parquet 6750000 15.03
dense documents-000270.parquet 6775000 15.08
dense documents-000271.parquet 6800000 15.14
dense documents-000272.parquet 6825000 15.21
dense documents-000273.parquet 6850000 15.26
dense documents-000274.parquet 6875000 15.31
dense documents-000275.parquet 6900000 15.37
dense documents-000276.parquet 6925000 15.44
dense documents-000277.parquet 6950000 15.5
dense documents-000278.parquet 6975000 15.55
dense documents-000279.parquet 7000000 15.61
dense documents-000280.parquet 7025000 15.66
dense documents-000281.parquet 7050000 15.72
dense documents-000282.parquet 7075000 15.77
dense documents-000283.parquet 7100000 15.83
dense documents-000284.parquet 7125000 15.88
dense documents-000285.parquet 7150000 15.94
dense documents-000286.parquet 7175000 15.99
dense documents-000287.parquet 7200000 16.05
dense documents-000288.parquet 7225000 16.1
dense documents-000289.parquet 7250000 16.16
dense documents-000290.parquet 7275000 16.21
dense documents-000291.parquet 7300000 16.27
dense documents-000292.parquet 7325000 16.32
dense documents-000293.parquet 7350000 16.38
dense documents-000294.parquet 7375000 16.43
dense documents-000295.parquet 7400000 16.49
dense documents-000296.parquet 7425000 16.54
dense documents-000297.parquet 7450000 16.6
dense documents-000298.parquet 7475000 16.65
dense documents-000299.parquet 7500000 16.71
dense documents-000300.parquet 7525000 16.76
dense documents-000301.parquet 7550000 16.82
dense documents-000302.parquet 7575000 16.88
dense documents-000303.parquet 7600000 16.93
dense documents-000304.parquet 7625000 16.99
dense documents-000305.parquet 7650000 17.04
dense documents-000306.parquet 7675000 17.1
dense documents-000307.parquet 7700000 17.15
dense documents-000308.parquet 7725000 17.21
dense documents-000309.parquet 7750000 17.27
dense documents-000310.parquet 7775000 17.32
dense documents-000311.parquet 7800000 17.38
dense documents-000312.parquet 7825000 17.43
dense documents-000313.parquet 7850000 17.49
dense documents-000314.parquet 7875000 17.55
dense documents-000315.parquet 7900000 17.6
dense documents-000316.parquet 7925000 17.65
dense documents-000317.parquet 7950000 17.71
dense documents-000318.parquet 7975000 17.76
dense documents-000319.parquet 8000000 17.82
dense documents-000320.parquet 8025000 17.87
dense documents-000321.parquet 8050000 17.93
dense documents-000322.parquet 8075000 17.98
dense documents-000323.parquet 8100000 18.04
dense documents-000324.parquet 8125000 18.09
dense documents-000325.parquet 8150000 18.15
dense documents-000326.parquet 8175000 18.21
dense documents-000327.parquet 8200000 18.27
dense documents-000328.parquet 8225000 18.33
dense documents-000329.parquet 8250000 18.38
dense documents-000330.parquet 8275000 18.44
dense documents-000331.parquet 8300000 18.49
dense documents-000332.parquet 8325000 18.55
dense documents-000333.parquet 8350000 18.6
dense documents-000334.parquet 8375000 18.66
dense documents-000335.parquet 8400000 18.71
dense documents-000336.parquet 8425000 18.77
dense documents-000337.parquet 8450000 18.82
dense documents-000338.parquet 8475000 18.88
dense documents-000339.parquet 8500000 18.94
dense documents-000340.parquet 8525000 18.99
dense documents-000341.parquet 8550000 19.05
dense documents-000342.parquet 8575000 19.1
dense documents-000343.parquet 8600000 19.16
dense documents-000344.parquet 8625000 19.22
dense documents-000345.parquet 8650000 19.28
dense documents-000346.parquet 8675000 19.34
dense documents-000347.parquet 8700000 19.39
dense documents-000348.parquet 8725000 19.45
dense documents-000349.parquet 8750000 19.51
dense documents-000350.parquet 8775000 19.56
dense documents-000351.parquet 8800000 19.62
dense documents-000352.parquet 8825000 19.67
dense documents-000353.parquet 8841823 19.72
sparse documents-000000.parquet 21.71
sparse documents-000001.parquet 21.77
sparse documents-000002.parquet 21.83
sparse documents-000003.parquet 21.89
sparse documents-000004.parquet 21.95
sparse documents-000005.parquet 22.01
sparse documents-000006.parquet 22.07
sparse documents-000007.parquet 22.13
sparse documents-000008.parquet 22.19
sparse documents-000009.parquet 22.25
sparse documents-000010.parquet 22.31
sparse documents-000011.parquet 22.38
sparse documents-000012.parquet 22.44
sparse documents-000013.parquet 22.5
sparse documents-000014.parquet 22.56
sparse documents-000015.parquet 22.63
sparse documents-000016.parquet 22.69
sparse documents-000017.parquet 22.76
sparse documents-000018.parquet 22.82
sparse documents-000019.parquet 22.89
sparse documents-000020.parquet 22.95
sparse documents-000021.parquet 23.02
sparse documents-000022.parquet 23.08
sparse documents-000023.parquet 23.15
sparse documents-000024.parquet 23.21
sparse documents-000025.parquet 23.28
sparse documents-000026.parquet 23.35
sparse documents-000027.parquet 23.41
sparse documents-000028.parquet 23.48
sparse documents-000029.parquet 23.55
sparse documents-000030.parquet 23.62
sparse documents-000031.parquet 23.69
sparse documents-000032.parquet 23.75
sparse documents-000033.parquet 23.83
sparse documents-000034.parquet 23.89
sparse documents-000035.parquet 23.96
sparse documents-000036.parquet 24.03
sparse documents-000037.parquet 24.1
sparse documents-000038.parquet 24.17
sparse documents-000039.parquet 24.25
sparse documents-000040.parquet 24.32
sparse documents-000041.parquet 24.39
sparse documents-000042.parquet 24.46
sparse documents-000043.parquet 24.53
sparse documents-000044.parquet 24.61
sparse documents-000045.parquet 24.68
sparse documents-000046.parquet 24.76
sparse documents-000047.parquet 24.84
sparse documents-000048.parquet 24.92
sparse documents-000049.parquet 24.99
sparse documents-000050.parquet 25.06
sparse documents-000051.parquet 25.14
sparse documents-000052.parquet 25.22
sparse documents-000053.parquet 25.29
sparse documents-000054.parquet 25.37
sparse documents-000055.parquet 25.45
sparse documents-000056.parquet 25.53
sparse documents-000057.parquet 25.6
sparse documents-000058.parquet 25.68
sparse documents-000059.parquet 25.76
sparse documents-000060.parquet 25.85
sparse documents-000061.parquet 25.93
sparse documents-000062.parquet 26.01
sparse documents-000063.parquet 26.1
sparse documents-000064.parquet 26.18
sparse documents-000065.parquet 26.26
sparse documents-000066.parquet 26.34
sparse documents-000067.parquet 26.42
sparse documents-000068.parquet 26.5
sparse documents-000069.parquet 26.59
sparse documents-000070.parquet 26.67
sparse documents-000071.parquet 26.75
sparse documents-000072.parquet 26.83
sparse documents-000073.parquet 26.91
sparse documents-000074.parquet 27.0
sparse documents-000075.parquet 27.08
sparse documents-000076.parquet 27.16
sparse documents-000077.parquet 27.24
sparse documents-000078.parquet 27.33
sparse documents-000079.parquet 27.41
sparse documents-000080.parquet 27.49
sparse documents-000081.parquet 27.57
sparse documents-000082.parquet 27.65
sparse documents-000083.parquet 27.73
sparse documents-000084.parquet 27.81
sparse documents-000085.parquet 27.89
sparse documents-000086.parquet 27.98
sparse documents-000087.parquet 28.06
sparse documents-000088.parquet 28.09
[
  {
    "query": "1037798",
    "channel": "dense",
    "mismatches": 0,
    "first": []
  },
  {
    "query": "1037798",
    "channel": "sparse",
    "mismatches": 0,
    "first": []
  },
  {
    "query": "1063750",
    "channel": "dense",
    "mismatches": 0,
    "first": []
  },
  {
    "query": "1063750",
    "channel": "sparse",
    "mismatches": 14,
    "first": [
      166,
      167,
      1381,
      1382,
      1383,
      1384,
      2245,
      2246
    ]
  },
  {
    "query": "1110199",
    "channel": "dense",
    "mismatches": 0,
    "first": []
  },
  {
    "query": "1110199",
    "channel": "sparse",
    "mismatches": 0,
    "first": []
  },
  {
    "query": "1121709",
    "channel": "dense",
    "mismatches": 0,
    "first": []
  },
  {
    "query": "1121709",
    "channel": "sparse",
    "mismatches": 10,
    "first": [
      174,
      175,
      176,
      177,
      178,
      239,
      240,
      241
    ]
  },
  {
    "query": "1124210",
    "channel": "dense",
    "mismatches": 0,
    "first": []
  },
  {
    "query": "1124210",
    "channel": "sparse",
    "mismatches": 0,
    "first": []
  },
  {
    "query": "131843",
    "channel": "dense",
    "mismatches": 0,
    "first": []
  },
  {
    "query": "131843",
    "channel": "sparse",
    "mismatches": 0,
    "first": []
  },
  {
    "query": "443396",
    "channel": "dense",
    "mismatches": 0,
    "first": []
  },
  {
    "query": "443396",
    "channel": "sparse",
    "mismatches": 0,
    "first": []
  },
  {
    "query": "855410",
    "channel": "dense",
    "mismatches": 0,
    "first": []
  },
  {
    "query": "855410",
    "channel": "sparse",
    "mismatches": 0,
    "first": []
  }
]
seconds 186.0081970691681
