[
  {
    "dataset": "msmarco-passage-trec-dl-2020",
    "query_id": "1105792",
    "completed": false,
    "accesses": 11481,
    "dense": 6481,
    "sparse": 5000,
    "k": 17,
    "independent_checks": 14,
    "source": "Only Dense extended; original Sparse prefix retained without reinterpretation."
  },
  {
    "dataset": "msmarco-passage-trec-dl-2020",
    "query_id": "1116380",
    "completed": true,
    "accesses": 10911,
    "dense": 8257,
    "sparse": 2654,
    "k": 22,
    "independent_checks": 18,
    "source": "Only Dense extended; original Sparse prefix retained without reinterpretation."
  },
  {
    "dataset": "msmarco-passage-trec-dl-2020",
    "query_id": "135802",
    "completed": false,
    "accesses": 6243,
    "dense": 1243,
    "sparse": 5000,
    "k": 15,
    "independent_checks": 14,
    "source": "Only Dense extended; original Sparse prefix retained without reinterpretation."
  },
  {
    "dataset": "msmarco-passage-trec-dl-2020",
    "query_id": "174463",
    "completed": false,
    "accesses": 10000,
    "dense": 5000,
    "sparse": 5000,
    "k": 17,
    "independent_checks": 17,
    "source": "Only Dense extended; original Sparse prefix retained without reinterpretation."
  },
  {
    "dataset": "msmarco-passage-trec-dl-2020",
    "query_id": "23849",
    "completed": false,
    "accesses": 10001,
    "dense": 5001,
    "sparse": 5000,
    "k": 13,
    "independent_checks": 11,
    "source": "Only Dense extended; original Sparse prefix retained without reinterpretation."
  },
  {
    "dataset": "msmarco-passage-trec-dl-2020",
    "query_id": "324585",
    "completed": true,
    "accesses": 35562,
    "dense": 33873,
    "sparse": 1689,
    "k": 31,
    "independent_checks": 15,
    "source": "Only Dense extended; original Sparse prefix retained without reinterpretation."
  },
  {
    "dataset": "msmarco-passage-trec-dl-2020",
    "query_id": "405163",
    "completed": false,
    "accesses": 6828,
    "dense": 1828,
    "sparse": 5000,
    "k": 12,
    "independent_checks": 12,
    "source": "Only Dense extended; original Sparse prefix retained without reinterpretation."
  },
  {
    "dataset": "msmarco-passage-trec-dl-2020",
    "query_id": "768208",
    "completed": false,
    "accesses": 5444,
    "dense": 444,
    "sparse": 5000,
    "k": 15,
    "independent_checks": 12,
    "source": "Only Dense extended; original Sparse prefix retained without reinterpretation."
  }
]
