dense documents-000000.parquet 25000 0.06
dense documents-000001.parquet 50000 0.12
dense documents-000002.parquet 75000 0.17
dense documents-000003.parquet 100000 0.22
dense documents-000004.parquet 125000 0.27
dense documents-000005.parquet 150000 0.32
dense documents-000006.parquet 175000 0.37
dense documents-000007.parquet 200000 0.42
dense documents-000008.parquet 225000 0.47
dense documents-000009.parquet 250000 0.52
dense documents-000010.parquet 275000 0.57
dense documents-000011.parquet 300000 0.63
dense documents-000012.parquet 325000 0.67
dense documents-000013.parquet 350000 0.73
dense documents-000014.parquet 375000 0.78
dense documents-000015.parquet 400000 0.83
dense documents-000016.parquet 425000 0.88
dense documents-000017.parquet 450000 0.94
dense documents-000018.parquet 475000 0.99
dense documents-000019.parquet 500000 1.05
dense documents-000020.parquet 525000 1.1
dense documents-000021.parquet 550000 1.16
dense documents-000022.parquet 575000 1.21
dense documents-000023.parquet 600000 1.26
dense documents-000024.parquet 625000 1.32
dense documents-000025.parquet 650000 1.37
dense documents-000026.parquet 675000 1.43
dense documents-000027.parquet 700000 1.48
dense documents-000028.parquet 725000 1.54
dense documents-000029.parquet 750000 1.59
dense documents-000030.parquet 775000 1.64
dense documents-000031.parquet 800000 1.7
dense documents-000032.parquet 825000 1.75
dense documents-000033.parquet 850000 1.8
dense documents-000034.parquet 875000 1.86
dense documents-000035.parquet 900000 1.92
dense documents-000036.parquet 925000 1.98
dense documents-000037.parquet 950000 2.03
dense documents-000038.parquet 975000 2.08
dense documents-000039.parquet 1000000 2.14
dense documents-000040.parquet 1025000 2.19
dense documents-000041.parquet 1050000 2.25
dense documents-000042.parquet 1075000 2.3
dense documents-000043.parquet 1100000 2.35
dense documents-000044.parquet 1125000 2.41
dense documents-000045.parquet 1150000 2.46
dense documents-000046.parquet 1175000 2.51
dense documents-000047.parquet 1200000 2.57
dense documents-000048.parquet 1225000 2.63
dense documents-000049.parquet 1250000 2.68
dense documents-000050.parquet 1275000 2.74
dense documents-000051.parquet 1300000 2.79
dense documents-000052.parquet 1325000 2.85
dense documents-000053.parquet 1350000 2.9
dense documents-000054.parquet 1375000 2.96
dense documents-000055.parquet 1400000 3.01
dense documents-000056.parquet 1425000 3.07
dense documents-000057.parquet 1450000 3.12
dense documents-000058.parquet 1475000 3.18
dense documents-000059.parquet 1500000 3.23
dense documents-000060.parquet 1525000 3.28
dense documents-000061.parquet 1550000 3.34
dense documents-000062.parquet 1575000 3.39
dense documents-000063.parquet 1600000 3.45
dense documents-000064.parquet 1625000 3.5
dense documents-000065.parquet 1650000 3.55
dense documents-000066.parquet 1675000 3.61
dense documents-000067.parquet 1700000 3.66
dense documents-000068.parquet 1725000 3.72
dense documents-000069.parquet 1750000 3.77
dense documents-000070.parquet 1775000 3.82
dense documents-000071.parquet 1800000 3.88
dense documents-000072.parquet 1825000 3.93
dense documents-000073.parquet 1850000 3.98
dense documents-000074.parquet 1875000 4.04
dense documents-000075.parquet 1900000 4.09
dense documents-000076.parquet 1925000 4.14
dense documents-000077.parquet 1950000 4.2
dense documents-000078.parquet 1975000 4.25
dense documents-000079.parquet 2000000 4.3
dense documents-000080.parquet 2025000 4.36
dense documents-000081.parquet 2050000 4.41
dense documents-000082.parquet 2075000 4.47
dense documents-000083.parquet 2100000 4.52
dense documents-000084.parquet 2125000 4.58
dense documents-000085.parquet 2150000 4.63
dense documents-000086.parquet 2175000 4.68
dense documents-000087.parquet 2200000 4.74
dense documents-000088.parquet 2225000 4.79
dense documents-000089.parquet 2250000 4.85
dense documents-000090.parquet 2275000 4.9
dense documents-000091.parquet 2300000 4.96
dense documents-000092.parquet 2325000 5.02
dense documents-000093.parquet 2350000 5.08
dense documents-000094.parquet 2375000 5.14
dense documents-000095.parquet 2400000 5.19
dense documents-000096.parquet 2425000 5.24
dense documents-000097.parquet 2450000 5.3
dense documents-000098.parquet 2475000 5.35
dense documents-000099.parquet 2500000 5.41
dense documents-000100.parquet 2525000 5.46
dense documents-000101.parquet 2550000 5.52
dense documents-000102.parquet 2575000 5.57
dense documents-000103.parquet 2600000 5.63
dense documents-000104.parquet 2625000 5.69
dense documents-000105.parquet 2650000 5.74
dense documents-000106.parquet 2675000 5.8
dense documents-000107.parquet 2700000 5.85
dense documents-000108.parquet 2725000 5.9
dense documents-000109.parquet 2750000 5.96
dense documents-000110.parquet 2775000 6.03
dense documents-000111.parquet 2800000 6.08
dense documents-000112.parquet 2825000 6.13
dense documents-000113.parquet 2850000 6.19
dense documents-000114.parquet 2875000 6.24
dense documents-000115.parquet 2900000 6.3
dense documents-000116.parquet 2925000 6.35
dense documents-000117.parquet 2950000 6.41
dense documents-000118.parquet 2975000 6.46
dense documents-000119.parquet 3000000 6.51
dense documents-000120.parquet 3025000 6.57
dense documents-000121.parquet 3050000 6.62
dense documents-000122.parquet 3075000 6.68
dense documents-000123.parquet 3100000 6.73
dense documents-000124.parquet 3125000 6.78
dense documents-000125.parquet 3150000 6.84
dense documents-000126.parquet 3175000 6.89
dense documents-000127.parquet 3200000 6.95
dense documents-000128.parquet 3225000 7.0
dense documents-000129.parquet 3250000 7.06
dense documents-000130.parquet 3275000 7.11
dense documents-000131.parquet 3300000 7.16
dense documents-000132.parquet 3325000 7.22
dense documents-000133.parquet 3350000 7.27
dense documents-000134.parquet 3375000 7.33
dense documents-000135.parquet 3400000 7.38
dense documents-000136.parquet 3425000 7.44
dense documents-000137.parquet 3450000 7.49
dense documents-000138.parquet 3475000 7.55
dense documents-000139.parquet 3500000 7.6
dense documents-000140.parquet 3525000 7.66
dense documents-000141.parquet 3550000 7.71
dense documents-000142.parquet 3575000 7.76
dense documents-000143.parquet 3600000 7.82
dense documents-000144.parquet 3625000 7.87
dense documents-000145.parquet 3650000 7.93
dense documents-000146.parquet 3675000 7.98
dense documents-000147.parquet 3700000 8.04
dense documents-000148.parquet 3725000 8.1
dense documents-000149.parquet 3750000 8.16
dense documents-000150.parquet 3775000 8.21
dense documents-000151.parquet 3800000 8.27
dense documents-000152.parquet 3825000 8.32
dense documents-000153.parquet 3850000 8.37
dense documents-000154.parquet 3875000 8.43
dense documents-000155.parquet 3900000 8.48
dense documents-000156.parquet 3925000 8.54
dense documents-000157.parquet 3950000 8.59
dense documents-000158.parquet 3975000 8.64
dense documents-000159.parquet 4000000 8.7
dense documents-000160.parquet 4025000 8.75
dense documents-000161.parquet 4050000 8.81
dense documents-000162.parquet 4075000 8.86
dense documents-000163.parquet 4100000 8.91
dense documents-000164.parquet 4125000 8.97
dense documents-000165.parquet 4150000 9.02
dense documents-000166.parquet 4175000 9.08
dense documents-000167.parquet 4200000 9.14
dense documents-000168.parquet 4225000 9.19
dense documents-000169.parquet 4250000 9.24
dense documents-000170.parquet 4275000 9.3
dense documents-000171.parquet 4300000 9.35
dense documents-000172.parquet 4325000 9.41
dense documents-000173.parquet 4350000 9.46
dense documents-000174.parquet 4375000 9.51
dense documents-000175.parquet 4400000 9.57
dense documents-000176.parquet 4425000 9.62
dense documents-000177.parquet 4450000 9.67
dense documents-000178.parquet 4475000 9.73
dense documents-000179.parquet 4500000 9.78
dense documents-000180.parquet 4525000 9.84
dense documents-000181.parquet 4550000 9.89
dense documents-000182.parquet 4575000 9.94
dense documents-000183.parquet 4600000 9.99
dense documents-000184.parquet 4625000 10.05
dense documents-000185.parquet 4650000 10.1
dense documents-000186.parquet 4675000 10.15
dense documents-000187.parquet 4700000 10.21
dense documents-000188.parquet 4725000 10.26
dense documents-000189.parquet 4750000 10.31
dense documents-000190.parquet 4775000 10.37
dense documents-000191.parquet 4800000 10.42
dense documents-000192.parquet 4825000 10.48
dense documents-000193.parquet 4850000 10.53
dense documents-000194.parquet 4875000 10.58
dense documents-000195.parquet 4900000 10.64
dense documents-000196.parquet 4925000 10.69
dense documents-000197.parquet 4950000 10.74
dense documents-000198.parquet 4975000 10.8
dense documents-000199.parquet 5000000 10.85
dense documents-000200.parquet 5025000 10.9
dense documents-000201.parquet 5050000 10.96
dense documents-000202.parquet 5075000 11.01
dense documents-000203.parquet 5100000 11.06
dense documents-000204.parquet 5125000 11.12
dense documents-000205.parquet 5150000 11.17
dense documents-000206.parquet 5175000 11.23
dense documents-000207.parquet 5200000 11.28
dense documents-000208.parquet 5225000 11.34
dense documents-000209.parquet 5250000 11.39
dense documents-000210.parquet 5275000 11.45
dense documents-000211.parquet 5300000 11.5
dense documents-000212.parquet 5325000 11.55
dense documents-000213.parquet 5350000 11.6
dense documents-000214.parquet 5375000 11.66
dense documents-000215.parquet 5400000 11.71
dense documents-000216.parquet 5425000 11.76
dense documents-000217.parquet 5450000 11.82
dense documents-000218.parquet 5475000 11.87
dense documents-000219.parquet 5500000 11.92
dense documents-000220.parquet 5525000 11.97
dense documents-000221.parquet 5550000 12.03
dense documents-000222.parquet 5575000 12.08
dense documents-000223.parquet 5600000 12.13
dense documents-000224.parquet 5625000 12.19
dense documents-000225.parquet 5650000 12.24
dense documents-000226.parquet 5675000 12.3
dense documents-000227.parquet 5700000 12.35
dense documents-000228.parquet 5725000 12.4
dense documents-000229.parquet 5750000 12.45
dense documents-000230.parquet 5775000 12.51
dense documents-000231.parquet 5800000 12.56
dense documents-000232.parquet 5825000 12.61
dense documents-000233.parquet 5850000 12.67
dense documents-000234.parquet 5875000 12.72
dense documents-000235.parquet 5900000 12.77
dense documents-000236.parquet 5925000 12.83
dense documents-000237.parquet 5950000 12.88
dense documents-000238.parquet 5975000 12.93
dense documents-000239.parquet 6000000 12.98
dense documents-000240.parquet 6025000 13.04
dense documents-000241.parquet 6050000 13.09
dense documents-000242.parquet 6075000 13.14
dense documents-000243.parquet 6100000 13.2
dense documents-000244.parquet 6125000 13.25
dense documents-000245.parquet 6150000 13.3
dense documents-000246.parquet 6175000 13.35
dense documents-000247.parquet 6200000 13.41
dense documents-000248.parquet 6225000 13.46
dense documents-000249.parquet 6250000 13.51
dense documents-000250.parquet 6275000 13.57
dense documents-000251.parquet 6300000 13.62
dense documents-000252.parquet 6325000 13.67
dense documents-000253.parquet 6350000 13.72
dense documents-000254.parquet 6375000 13.78
dense documents-000255.parquet 6400000 13.83
dense documents-000256.parquet 6425000 13.88
dense documents-000257.parquet 6450000 13.93
dense documents-000258.parquet 6475000 13.98
dense documents-000259.parquet 6500000 14.04
dense documents-000260.parquet 6525000 14.09
dense documents-000261.parquet 6550000 14.14
dense documents-000262.parquet 6575000 14.2
dense documents-000263.parquet 6600000 14.25
dense documents-000264.parquet 6625000 14.31
dense documents-000265.parquet 6650000 14.36
dense documents-000266.parquet 6675000 14.41
dense documents-000267.parquet 6700000 14.46
dense documents-000268.parquet 6725000 14.52
dense documents-000269.parquet 6750000 14.57
dense documents-000270.parquet 6775000 14.62
dense documents-000271.parquet 6800000 14.67
dense documents-000272.parquet 6825000 14.73
dense documents-000273.parquet 6850000 14.78
dense documents-000274.parquet 6875000 14.84
dense documents-000275.parquet 6900000 14.89
dense documents-000276.parquet 6925000 14.94
dense documents-000277.parquet 6950000 14.99
dense documents-000278.parquet 6975000 15.05
dense documents-000279.parquet 7000000 15.1
dense documents-000280.parquet 7025000 15.15
dense documents-000281.parquet 7050000 15.21
dense documents-000282.parquet 7075000 15.26
dense documents-000283.parquet 7100000 15.31
dense documents-000284.parquet 7125000 15.37
dense documents-000285.parquet 7150000 15.42
dense documents-000286.parquet 7175000 15.47
dense documents-000287.parquet 7200000 15.52
dense documents-000288.parquet 7225000 15.58
dense documents-000289.parquet 7250000 15.63
dense documents-000290.parquet 7275000 15.68
dense documents-000291.parquet 7300000 15.74
dense documents-000292.parquet 7325000 15.79
dense documents-000293.parquet 7350000 15.84
dense documents-000294.parquet 7375000 15.9
dense documents-000295.parquet 7400000 15.95
dense documents-000296.parquet 7425000 16.0
dense documents-000297.parquet 7450000 16.05
dense documents-000298.parquet 7475000 16.11
dense documents-000299.parquet 7500000 16.16
dense documents-000300.parquet 7525000 16.21
dense documents-000301.parquet 7550000 16.27
dense documents-000302.parquet 7575000 16.32
dense documents-000303.parquet 7600000 16.37
dense documents-000304.parquet 7625000 16.43
dense documents-000305.parquet 7650000 16.48
dense documents-000306.parquet 7675000 16.53
dense documents-000307.parquet 7700000 16.58
dense documents-000308.parquet 7725000 16.64
dense documents-000309.parquet 7750000 16.69
dense documents-000310.parquet 7775000 16.74
dense documents-000311.parquet 7800000 16.8
dense documents-000312.parquet 7825000 16.85
dense documents-000313.parquet 7850000 16.9
dense documents-000314.parquet 7875000 16.96
dense documents-000315.parquet 7900000 17.01
dense documents-000316.parquet 7925000 17.06
dense documents-000317.parquet 7950000 17.12
dense documents-000318.parquet 7975000 17.17
dense documents-000319.parquet 8000000 17.22
dense documents-000320.parquet 8025000 17.28
dense documents-000321.parquet 8050000 17.33
dense documents-000322.parquet 8075000 17.38
dense documents-000323.parquet 8100000 17.44
dense documents-000324.parquet 8125000 17.49
dense documents-000325.parquet 8150000 17.54
dense documents-000326.parquet 8175000 17.59
dense documents-000327.parquet 8200000 17.65
dense documents-000328.parquet 8225000 17.7
dense documents-000329.parquet 8250000 17.75
dense documents-000330.parquet 8275000 17.81
dense documents-000331.parquet 8300000 17.86
dense documents-000332.parquet 8325000 17.91
dense documents-000333.parquet 8350000 17.97
dense documents-000334.parquet 8375000 18.02
dense documents-000335.parquet 8400000 18.07
dense documents-000336.parquet 8425000 18.13
dense documents-000337.parquet 8450000 18.18
dense documents-000338.parquet 8475000 18.24
dense documents-000339.parquet 8500000 18.29
dense documents-000340.parquet 8525000 18.34
dense documents-000341.parquet 8550000 18.4
dense documents-000342.parquet 8575000 18.45
dense documents-000343.parquet 8600000 18.5
dense documents-000344.parquet 8625000 18.55
dense documents-000345.parquet 8650000 18.61
dense documents-000346.parquet 8675000 18.66
dense documents-000347.parquet 8700000 18.71
dense documents-000348.parquet 8725000 18.77
dense documents-000349.parquet 8750000 18.82
dense documents-000350.parquet 8775000 18.87
dense documents-000351.parquet 8800000 18.93
dense documents-000352.parquet 8825000 18.98
dense documents-000353.parquet 8841823 19.02
sparse documents-000000.parquet 20.84
sparse documents-000001.parquet 20.9
sparse documents-000002.parquet 20.96
sparse documents-000003.parquet 21.02
sparse documents-000004.parquet 21.08
sparse documents-000005.parquet 21.14
sparse documents-000006.parquet 21.2
sparse documents-000007.parquet 21.25
sparse documents-000008.parquet 21.31
sparse documents-000009.parquet 21.37
sparse documents-000010.parquet 21.43
sparse documents-000011.parquet 21.49
sparse documents-000012.parquet 21.55
sparse documents-000013.parquet 21.61
sparse documents-000014.parquet 21.67
sparse documents-000015.parquet 21.73
sparse documents-000016.parquet 21.79
sparse documents-000017.parquet 21.86
sparse documents-000018.parquet 21.92
sparse documents-000019.parquet 21.99
sparse documents-000020.parquet 22.05
sparse documents-000021.parquet 22.11
sparse documents-000022.parquet 22.18
sparse documents-000023.parquet 22.24
sparse documents-000024.parquet 22.31
sparse documents-000025.parquet 22.37
sparse documents-000026.parquet 22.44
sparse documents-000027.parquet 22.5
sparse documents-000028.parquet 22.57
sparse documents-000029.parquet 22.63
sparse documents-000030.parquet 22.7
sparse documents-000031.parquet 22.76
sparse documents-000032.parquet 22.83
sparse documents-000033.parquet 22.9
sparse documents-000034.parquet 22.96
sparse documents-000035.parquet 23.03
sparse documents-000036.parquet 23.1
sparse documents-000037.parquet 23.17
sparse documents-000038.parquet 23.24
sparse documents-000039.parquet 23.3
sparse documents-000040.parquet 23.37
sparse documents-000041.parquet 23.44
sparse documents-000042.parquet 23.51
sparse documents-000043.parquet 23.58
sparse documents-000044.parquet 23.65
sparse documents-000045.parquet 23.73
sparse documents-000046.parquet 23.8
sparse documents-000047.parquet 23.87
sparse documents-000048.parquet 23.94
sparse documents-000049.parquet 24.01
sparse documents-000050.parquet 24.09
sparse documents-000051.parquet 24.16
sparse documents-000052.parquet 24.23
sparse documents-000053.parquet 24.31
sparse documents-000054.parquet 24.38
sparse documents-000055.parquet 24.46
sparse documents-000056.parquet 24.53
sparse documents-000057.parquet 24.61
sparse documents-000058.parquet 24.68
sparse documents-000059.parquet 24.76
sparse documents-000060.parquet 24.84
sparse documents-000061.parquet 24.92
sparse documents-000062.parquet 25.0
sparse documents-000063.parquet 25.08
sparse documents-000064.parquet 25.16
sparse documents-000065.parquet 25.24
sparse documents-000066.parquet 25.31
sparse documents-000067.parquet 25.39
sparse documents-000068.parquet 25.47
sparse documents-000069.parquet 25.55
sparse documents-000070.parquet 25.63
sparse documents-000071.parquet 25.7
sparse documents-000072.parquet 25.78
sparse documents-000073.parquet 25.86
sparse documents-000074.parquet 25.94
sparse documents-000075.parquet 26.02
sparse documents-000076.parquet 26.1
sparse documents-000077.parquet 26.18
sparse documents-000078.parquet 26.26
sparse documents-000079.parquet 26.34
sparse documents-000080.parquet 26.42
sparse documents-000081.parquet 26.49
sparse documents-000082.parquet 26.57
sparse documents-000083.parquet 26.65
sparse documents-000084.parquet 26.73
sparse documents-000085.parquet 26.8
sparse documents-000086.parquet 26.88
sparse documents-000087.parquet 26.96
sparse documents-000088.parquet 26.99
[
  {
    "query": "1105792",
    "channel": "dense",
    "mismatches": 0,
    "first": []
  },
  {
    "query": "1105792",
    "channel": "sparse",
    "mismatches": 0,
    "first": []
  },
  {
    "query": "1116380",
    "channel": "dense",
    "mismatches": 0,
    "first": []
  },
  {
    "query": "1116380",
    "channel": "sparse",
    "mismatches": 6,
    "first": [
      338,
      339,
      340,
      341,
      342,
      343
    ]
  },
  {
    "query": "135802",
    "channel": "dense",
    "mismatches": 0,
    "first": []
  },
  {
    "query": "135802",
    "channel": "sparse",
    "mismatches": 0,
    "first": []
  },
  {
    "query": "174463",
    "channel": "dense",
    "mismatches": 0,
    "first": []
  },
  {
    "query": "174463",
    "channel": "sparse",
    "mismatches": 8,
    "first": [
      827,
      828,
      829,
      830,
      831,
      832,
      2083,
      2084
    ]
  },
  {
    "query": "23849",
    "channel": "dense",
    "mismatches": 0,
    "first": []
  },
  {
    "query": "23849",
    "channel": "sparse",
    "mismatches": 372,
    "first": [
      54,
      55,
      248,
      249,
      321,
      322,
      333,
      334
    ]
  },
  {
    "query": "324585",
    "channel": "dense",
    "mismatches": 0,
    "first": []
  },
  {
    "query": "324585",
    "channel": "sparse",
    "mismatches": 418,
    "first": [
      304,
      305,
      376,
      377,
      415,
      416,
      453,
      454
    ]
  },
  {
    "query": "405163",
    "channel": "dense",
    "mismatches": 0,
    "first": []
  },
  {
    "query": "405163",
    "channel": "sparse",
    "mismatches": 0,
    "first": []
  },
  {
    "query": "768208",
    "channel": "dense",
    "mismatches": 0,
    "first": []
  },
  {
    "query": "768208",
    "channel": "sparse",
    "mismatches": 0,
    "first": []
  }
]
seconds 160.48126912117004
